[INFO] Scanning for projects...
[INFO] 
[INFO] ------------------------< com.tribu:api-tribu >-------------------------
[INFO] Building Tribu E-commerce 0.0.1-SNAPSHOT
[INFO]   from pom.xml
[INFO] --------------------------------[ jar ]---------------------------------
[INFO] 
[INFO] --- clean:3.4.1:clean (default-clean) @ api-tribu ---
[INFO] Deleting C:\Users\Lenovo\Desktop\api-tribu\target
[INFO] 
[INFO] --- resources:3.3.1:resources (default-resources) @ api-tribu ---
[INFO] Copying 1 resource from src\main\resources to target\classes
[INFO] Copying 0 resource from src\main\resources to target\classes
[INFO] 
[INFO] --- compiler:3.13.0:compile (default-compile) @ api-tribu ---
[INFO] Recompiling the module because of changed source code.
[INFO] Compiling 59 source files with javac [debug parameters release 21] to target\classes
[INFO] -------------------------------------------------------------
[ERROR] COMPILATION ERROR : 
[INFO] -------------------------------------------------------------
[ERROR] /C:/Users/Lenovo/Desktop/api-tribu/src/main/java/com/tribu/api_tribu/controller/UsuarioPerfilController.java:[75,27] cannot find symbol
  symbol:   class List
  location: class com.tribu.api_tribu.controller.UsuarioPerfilController
[INFO] 1 error
[INFO] -------------------------------------------------------------
[INFO] ------------------------------------------------------------------------
[INFO] BUILD FAILURE
[INFO] ------------------------------------------------------------------------
[INFO] Total time:  3.684 s
[INFO] Finished at: 2026-03-11T21:39:28-05:00
[INFO] ------------------------------------------------------------------------
[ERROR] Failed to execute goal org.apache.maven.plugins:maven-compiler-plugin:3.13.0:compile (default-compile) on project api-tribu: Compilation failure
[ERROR] /C:/Users/Lenovo/Desktop/api-tribu/src/main/java/com/tribu/api_tribu/controller/UsuarioPerfilController.java:[75,27] cannot find symbol
[ERROR]   symbol:   class List
[ERROR]   location: class com.tribu.api_tribu.controller.UsuarioPerfilController
[ERROR] 
[ERROR] -> [Help 1]
[ERROR] 
[ERROR] To see the full stack trace of the errors, re-run Maven with the -e switch.
[ERROR] Re-run Maven using the -X switch to enable full debug logging.
[ERROR] 
[ERROR] For more information about the errors and possible solutions, please read the following articles:
[ERROR] [Help 1] http://cwiki.apache.org/confluence/display/MAVEN/MojoFailureException
