[INFO] Scanning for projects...
[INFO] 
[INFO] ------------------------< com.tribu:api-tribu >-------------------------
[INFO] Building Tribu E-commerce 0.0.1-SNAPSHOT
[INFO]   from pom.xml
[INFO] --------------------------------[ jar ]---------------------------------
[INFO] 
[INFO] --- clean:3.4.1:clean (default-clean) @ api-tribu ---
[INFO] Deleting C:\Users\Lenovo\Desktop\api-tribu\target
[INFO] 
[INFO] --- resources:3.3.1:resources (default-resources) @ api-tribu ---
[INFO] Copying 1 resource from src\main\resources to target\classes
[INFO] Copying 0 resource from src\main\resources to target\classes
[INFO] 
[INFO] --- compiler:3.13.0:compile (default-compile) @ api-tribu ---
[INFO] Recompiling the module because of changed source code.
[INFO] Compiling 56 source files with javac [debug parameters release 21] to target\classes
[INFO] ------------------------------------------------------------------------
[INFO] BUILD SUCCESS
[INFO] ------------------------------------------------------------------------
[INFO] Total time:  4.651 s
[INFO] Finished at: 2026-03-11T20:07:11-05:00
[INFO] ------------------------------------------------------------------------
